../Core/Src/main.c:162:6:HAL_FDCAN_RxFifo0Callback	6
../Core/Src/main.c:195:5:main	4
../Core/Src/main.c:319:6:SystemClock_Config	3
../Core/Src/main.c:367:13:MX_ADC1_Init	4
../Core/Src/main.c:435:13:MX_ADC4_Init	3
../Core/Src/main.c:494:13:MX_FDCAN1_Init	2
../Core/Src/main.c:537:13:MX_TIM2_Init	4
../Core/Src/main.c:585:13:MX_GPIO_Init	1
../Core/Src/main.c:606:6:ResetSASCalibration	2
../Core/Src/main.c:626:6:ResetSASAngle	2
../Core/Src/main.c:645:6:BSP_PB_Callback	5
../Core/Src/main.c:690:6:StartDefaultTask	1
../Core/Src/main.c:709:6:StartReadAPPS	1
../Core/Src/main.c:733:6:StartReadWSS	1
../Core/Src/main.c:751:6:StartReadCAN	1
../Core/Src/main.c:769:6:StartReadCOM	14
../Core/Src/main.c:836:6:StartWriteCOM	1
../Core/Src/main.c:855:6:HAL_TIM_PeriodElapsedCallback	2
../Core/Src/main.c:873:6:Error_Handler	1
