../Core/Src/main.c:159:6:HAL_FDCAN_RxFifo0Callback	7
../Core/Src/main.c:189:5:main	4
../Core/Src/main.c:316:6:SystemClock_Config	3
../Core/Src/main.c:364:13:MX_ADC1_Init	4
../Core/Src/main.c:432:13:MX_ADC4_Init	3
../Core/Src/main.c:491:13:MX_FDCAN1_Init	2
../Core/Src/main.c:534:13:MX_TIM3_Init	4
../Core/Src/main.c:582:13:MX_GPIO_Init	1
../Core/Src/main.c:603:6:ResetSASCalibration	2
../Core/Src/main.c:623:6:ResetSASAngle	2
../Core/Src/main.c:642:6:BSP_PB_Callback	5
../Core/Src/main.c:683:6:HAL_TIM_IC_CaptureCallback	4
../Core/Src/main.c:720:6:StartDefaultTask	1
../Core/Src/main.c:739:6:StartReadAPPS	1
../Core/Src/main.c:763:6:StartReadWSS	1
../Core/Src/main.c:781:6:StartReadCAN	1
../Core/Src/main.c:799:6:StartReadCOM	14
../Core/Src/main.c:866:6:StartWriteCOM	1
../Core/Src/main.c:888:6:HAL_TIM_PeriodElapsedCallback	2
../Core/Src/main.c:906:6:Error_Handler	1
